
> soul-app-backend@1.0.0 dev
> nodemon src/index.ts

[33m[nodemon] 3.1.14[39m
[33m[nodemon] to restart at any time, enter `rs`[39m
[33m[nodemon] watching path(s): *.*[39m
[33m[nodemon] watching extensions: ts,json[39m
[32m[nodemon] starting `ts-node src/index.ts`[39m
◇ injecting env (0) from .env // tip: ⌘ enable debugging { debug: true }
Server is running on port 3001
[32m[nodemon] restarting due to changes...[39m
[32m[nodemon] starting `ts-node src/index.ts`[39m
/app/soul-app-backend/node_modules/ts-node/src/index.ts:859
    return new TSError(diagnosticText, diagnosticCodes, diagnostics);
           ^
TSError: ⨯ Unable to compile TypeScript:
src/routes.ts(24,1): error TS1128: Declaration or statement expected.
src/routes.ts(24,2): error TS1128: Declaration or statement expected.

    at createTSError (/app/soul-app-backend/node_modules/ts-node/src/index.ts:859:12)
    at reportTSError (/app/soul-app-backend/node_modules/ts-node/src/index.ts:863:19)
    at getOutput (/app/soul-app-backend/node_modules/ts-node/src/index.ts:1077:36)
    at Object.compile (/app/soul-app-backend/node_modules/ts-node/src/index.ts:1433:41)
    at Module.m._compile (/app/soul-app-backend/node_modules/ts-node/src/index.ts:1617:30)
    at node:internal/modules/cjs/loader:1838:10
    at Object.require.extensions.<computed> [as .ts] (/app/soul-app-backend/node_modules/ts-node/src/index.ts:1621:12)
    at Module.load (node:internal/modules/cjs/loader:1441:32)
    at Function._load (node:internal/modules/cjs/loader:1263:12)
    at TracingChannel.traceSync (node:diagnostics_channel:328:14) {
  diagnosticCodes: [ 1128, 1128 ]
}
[31m[nodemon] app crashed - waiting for file changes before starting...[39m
[32m[nodemon] restarting due to changes...[39m
[32m[nodemon] starting `ts-node src/index.ts`[39m
◇ injecting env (0) from .env // tip: ⌁ auth for agents [www.vestauth.com]
Server is running on port 3001
[32m[nodemon] restarting due to changes...[39m
[32m[nodemon] starting `ts-node src/index.ts`[39m
◇ injecting env (0) from .env // tip: ⌘ override existing { override: true }
Server is running on port 3001
Terminated
[31m[nodemon] app crashed - waiting for file changes before starting...[39m
[32m[nodemon] restarting due to changes...[39m
[32m[nodemon] starting `ts-node src/index.ts`[39m
◇ injecting env (0) from .env // tip: ⌘ override existing { override: true }
Server is running on port 3001
[32m[nodemon] clean exit - waiting for changes before restart[39m
[32m[nodemon] restarting due to changes...[39m
[32m[nodemon] starting `ts-node src/index.ts`[39m
◇ injecting env (0) from .env // tip: ⌘ enable debugging { debug: true }
Server is running on port 3001
[32m[nodemon] clean exit - waiting for changes before restart[39m
[32m[nodemon] restarting due to changes...[39m
[32m[nodemon] starting `ts-node src/index.ts`[39m
◇ injecting env (0) from .env // tip: ⌘ override existing { override: true }
Server is running on port 3001
[32m[nodemon] clean exit - waiting for changes before restart[39m
[32m[nodemon] restarting due to changes...[39m
[32m[nodemon] starting `ts-node src/index.ts`[39m
[32m[nodemon] restarting due to changes...[39m
[32m[nodemon] starting `ts-node src/index.ts`[39m
◇ injecting env (0) from .env // tip: ⌁ auth for agents [www.vestauth.com]
Server is running on port 3001
[32m[nodemon] clean exit - waiting for changes before restart[39m
[32m[nodemon] restarting due to changes...[39m
[32m[nodemon] starting `ts-node src/index.ts`[39m
[32m[nodemon] restarting due to changes...[39m
[32m[nodemon] starting `ts-node src/index.ts`[39m
◇ injecting env (0) from .env // tip: ◈ secrets for agents [www.dotenvx.com]
Server is running on port 3001
[32m[nodemon] clean exit - waiting for changes before restart[39m
[32m[nodemon] restarting due to changes...[39m
[32m[nodemon] starting `ts-node src/index.ts`[39m
[32m[nodemon] restarting due to changes...[39m
[32m[nodemon] starting `ts-node src/index.ts`[39m
◇ injecting env (0) from .env // tip: ⌘ enable debugging { debug: true }
Server is running on port 3001
[32m[nodemon] clean exit - waiting for changes before restart[39m
[32m[nodemon] restarting due to changes...[39m
[32m[nodemon] starting `ts-node src/index.ts`[39m
◇ injecting env (0) from .env // tip: ⌘ enable debugging { debug: true }
Seeding initial data into database...
Database seeding complete.
Server is running on port 3001
[32m[nodemon] clean exit - waiting for changes before restart[39m
[32m[nodemon] restarting due to changes...[39m
[32m[nodemon] starting `ts-node src/index.ts`[39m
/app/soul-app-backend/node_modules/ts-node/src/index.ts:859
    return new TSError(diagnosticText, diagnosticCodes, diagnostics);
           ^
TSError: ⨯ Unable to compile TypeScript:
src/routes.ts(135,1): error TS1128: Declaration or statement expected.
src/routes.ts(135,2): error TS1128: Declaration or statement expected.

    at createTSError (/app/soul-app-backend/node_modules/ts-node/src/index.ts:859:12)
    at reportTSError (/app/soul-app-backend/node_modules/ts-node/src/index.ts:863:19)
    at getOutput (/app/soul-app-backend/node_modules/ts-node/src/index.ts:1077:36)
    at Object.compile (/app/soul-app-backend/node_modules/ts-node/src/index.ts:1433:41)
    at Module.m._compile (/app/soul-app-backend/node_modules/ts-node/src/index.ts:1617:30)
    at node:internal/modules/cjs/loader:1838:10
    at Object.require.extensions.<computed> [as .ts] (/app/soul-app-backend/node_modules/ts-node/src/index.ts:1621:12)
    at Module.load (node:internal/modules/cjs/loader:1441:32)
    at Function._load (node:internal/modules/cjs/loader:1263:12)
    at TracingChannel.traceSync (node:diagnostics_channel:328:14) {
  diagnosticCodes: [ 1128, 1128 ]
}
[31m[nodemon] app crashed - waiting for file changes before starting...[39m
[32m[nodemon] restarting due to changes...[39m
[32m[nodemon] starting `ts-node src/index.ts`[39m
[32m[nodemon] restarting due to changes...[39m
[32m[nodemon] starting `ts-node src/index.ts`[39m
[32m[nodemon] restarting due to changes...[39m
[32m[nodemon] starting `ts-node src/index.ts`[39m
[32m[nodemon] restarting due to changes...[39m
[32m[nodemon] starting `ts-node src/index.ts`[39m
[32m[nodemon] restarting due to changes...[39m
[32m[nodemon] starting `ts-node src/index.ts`[39m
[32m[nodemon] restarting due to changes...[39m
[32m[nodemon] starting `ts-node src/index.ts`[39m
/app/soul-app-backend/node_modules/ts-node/src/index.ts:859
    return new TSError(diagnosticText, diagnosticCodes, diagnostics);
           ^
TSError: ⨯ Unable to compile TypeScript:
src/routes.ts(135,1): error TS1128: Declaration or statement expected.
src/routes.ts(135,2): error TS1128: Declaration or statement expected.

    at createTSError (/app/soul-app-backend/node_modules/ts-node/src/index.ts:859:12)
    at reportTSError (/app/soul-app-backend/node_modules/ts-node/src/index.ts:863:19)
    at getOutput (/app/soul-app-backend/node_modules/ts-node/src/index.ts:1077:36)
    at Object.compile (/app/soul-app-backend/node_modules/ts-node/src/index.ts:1433:41)
    at Module.m._compile (/app/soul-app-backend/node_modules/ts-node/src/index.ts:1617:30)
    at node:internal/modules/cjs/loader:1838:10
    at Object.require.extensions.<computed> [as .ts] (/app/soul-app-backend/node_modules/ts-node/src/index.ts:1621:12)
    at Module.load (node:internal/modules/cjs/loader:1441:32)
    at Function._load (node:internal/modules/cjs/loader:1263:12)
    at TracingChannel.traceSync (node:diagnostics_channel:328:14) {
  diagnosticCodes: [ 1128, 1128 ]
}
[31m[nodemon] app crashed - waiting for file changes before starting...[39m
[32m[nodemon] restarting due to changes...[39m
[32m[nodemon] starting `ts-node src/index.ts`[39m
/app/soul-app-backend/node_modules/ts-node/src/index.ts:859
    return new TSError(diagnosticText, diagnosticCodes, diagnostics);
           ^
TSError: ⨯ Unable to compile TypeScript:
src/routes.ts(75,27): error TS2339: Property 'get' does not exist on type 'Pool'.
src/routes.ts(80,30): error TS2339: Property 'all' does not exist on type 'Pool'.
src/routes.ts(118,27): error TS2339: Property 'get' does not exist on type 'Pool'.
src/routes.ts(121,29): error TS2339: Property 'run' does not exist on type 'Pool'.
src/routes.ts(126,32): error TS2339: Property 'get' does not exist on type 'Pool'.
src/routes.ts(135,1): error TS1128: Declaration or statement expected.
src/routes.ts(135,2): error TS1128: Declaration or statement expected.

    at createTSError (/app/soul-app-backend/node_modules/ts-node/src/index.ts:859:12)
    at reportTSError (/app/soul-app-backend/node_modules/ts-node/src/index.ts:863:19)
    at getOutput (/app/soul-app-backend/node_modules/ts-node/src/index.ts:1077:36)
    at Object.compile (/app/soul-app-backend/node_modules/ts-node/src/index.ts:1433:41)
    at Module.m._compile (/app/soul-app-backend/node_modules/ts-node/src/index.ts:1617:30)
    at node:internal/modules/cjs/loader:1838:10
    at Object.require.extensions.<computed> [as .ts] (/app/soul-app-backend/node_modules/ts-node/src/index.ts:1621:12)
    at Module.load (node:internal/modules/cjs/loader:1441:32)
    at Function._load (node:internal/modules/cjs/loader:1263:12)
    at TracingChannel.traceSync (node:diagnostics_channel:328:14) {
  diagnosticCodes: [
    2339, 2339,
    2339, 2339,
    2339, 1128,
    1128
  ]
}
[31m[nodemon] app crashed - waiting for file changes before starting...[39m
[32m[nodemon] restarting due to changes...[39m
[32m[nodemon] starting `ts-node src/index.ts`[39m
/app/soul-app-backend/node_modules/ts-node/src/index.ts:859
    return new TSError(diagnosticText, diagnosticCodes, diagnostics);
           ^
TSError: ⨯ Unable to compile TypeScript:
src/routes.ts(146,26): error TS2304: Cannot find name 'db'.
src/routes.ts(149,9): error TS2304: Cannot find name 'user'.
src/routes.ts(149,18): error TS2304: Cannot find name 'type'.
src/routes.ts(149,34): error TS2304: Cannot find name 'content'.
src/routes.ts(149,49): error TS2552: Cannot find name 'url'. Did you mean 'URL'?
src/routes.ts(151,29): error TS2304: Cannot find name 'db'.
src/routes.ts(153,5): error TS2304: Cannot find name 'res'.
src/routes.ts(156,5): error TS2304: Cannot find name 'res'.
src/routes.ts(154,3): error TS1128: Declaration or statement expected.
src/routes.ts(154,5): error TS1005: 'try' expected.
src/routes.ts(158,1): error TS1128: Declaration or statement expected.
src/routes.ts(158,2): error TS1128: Declaration or statement expected.
src/routes.ts(160,1): error TS1128: Declaration or statement expected.
src/routes.ts(160,2): error TS1128: Declaration or statement expected.

    at createTSError (/app/soul-app-backend/node_modules/ts-node/src/index.ts:859:12)
    at reportTSError (/app/soul-app-backend/node_modules/ts-node/src/index.ts:863:19)
    at getOutput (/app/soul-app-backend/node_modules/ts-node/src/index.ts:1077:36)
    at Object.compile (/app/soul-app-backend/node_modules/ts-node/src/index.ts:1433:41)
    at Module.m._compile (/app/soul-app-backend/node_modules/ts-node/src/index.ts:1617:30)
    at node:internal/modules/cjs/loader:1838:10
    at Object.require.extensions.<computed> [as .ts] (/app/soul-app-backend/node_modules/ts-node/src/index.ts:1621:12)
    at Module.load (node:internal/modules/cjs/loader:1441:32)
    at Function._load (node:internal/modules/cjs/loader:1263:12)
    at TracingChannel.traceSync (node:diagnostics_channel:328:14) {
  diagnosticCodes: [
    2304, 2304, 2304,
    2304, 2552, 2304,
    2304, 2304, 1128,
    1005, 1128, 1128,
    1128, 1128
  ]
}
[31m[nodemon] app crashed - waiting for file changes before starting...[39m
[32m[nodemon] restarting due to changes...[39m
[32m[nodemon] starting `ts-node src/index.ts`[39m
/app/soul-app-backend/node_modules/ts-node/src/index.ts:859
    return new TSError(diagnosticText, diagnosticCodes, diagnostics);
           ^
TSError: ⨯ Unable to compile TypeScript:
src/routes.ts(147,1): error TS1128: Declaration or statement expected.
src/routes.ts(147,2): error TS1128: Declaration or statement expected.

    at createTSError (/app/soul-app-backend/node_modules/ts-node/src/index.ts:859:12)
    at reportTSError (/app/soul-app-backend/node_modules/ts-node/src/index.ts:863:19)
    at getOutput (/app/soul-app-backend/node_modules/ts-node/src/index.ts:1077:36)
    at Object.compile (/app/soul-app-backend/node_modules/ts-node/src/index.ts:1433:41)
    at Module.m._compile (/app/soul-app-backend/node_modules/ts-node/src/index.ts:1617:30)
    at node:internal/modules/cjs/loader:1838:10
    at Object.require.extensions.<computed> [as .ts] (/app/soul-app-backend/node_modules/ts-node/src/index.ts:1621:12)
    at Module.load (node:internal/modules/cjs/loader:1441:32)
    at Function._load (node:internal/modules/cjs/loader:1263:12)
    at TracingChannel.traceSync (node:diagnostics_channel:328:14) {
  diagnosticCodes: [ 1128, 1128 ]
}
[31m[nodemon] app crashed - waiting for file changes before starting...[39m
[32m[nodemon] restarting due to changes...[39m
[32m[nodemon] starting `ts-node src/index.ts`[39m
◇ injecting env (0) from .env // tip: ◈ encrypted .env [www.dotenvx.com]
⚠️ Could not connect to PostgreSQL database. Please make sure PostgreSQL is running.
   You can start it using: docker-compose up -d
   Will skip DB initialization for now.
Server is running on port 3001
[32m[nodemon] clean exit - waiting for changes before restart[39m
[32m[nodemon] restarting due to changes...[39m
[32m[nodemon] starting `ts-node src/index.ts`[39m
◇ injecting env (0) from .env // tip: ◈ encrypted .env [www.dotenvx.com]
⚠️ Could not connect to PostgreSQL database. Please make sure PostgreSQL is running.
   You can start it using: docker-compose up -d
   Will skip DB initialization for now.
Server is running on port 3001
[32m[nodemon] clean exit - waiting for changes before restart[39m
[32m[nodemon] restarting due to changes...[39m
[32m[nodemon] starting `ts-node src/index.ts`[39m
[32m[nodemon] restarting due to changes...[39m
[32m[nodemon] restarting due to changes...[39m
[32m[nodemon] starting `ts-node src/index.ts`[39m
[32m[nodemon] restarting due to changes...[39m
[32m[nodemon] starting `ts-node src/index.ts`[39m
[32m[nodemon] restarting due to changes...[39m
[32m[nodemon] starting `ts-node src/index.ts`[39m
◇ injecting env (0) from .env // tip: ⌘ enable debugging { debug: true }
⚠️ Could not connect to PostgreSQL database. Please make sure PostgreSQL is running.
   You can start it using: docker-compose up -d
   Will skip DB initialization for now.
Server is running on port 3001
[32m[nodemon] clean exit - waiting for changes before restart[39m
[32m[nodemon] restarting due to changes...[39m
[32m[nodemon] starting `ts-node src/index.ts`[39m
[32m[nodemon] restarting due to changes...[39m
[32m[nodemon] starting `ts-node src/index.ts`[39m
◇ injecting env (0) from .env // tip: ⌘ enable debugging { debug: true }
⚠️ Could not connect to PostgreSQL database. Please make sure PostgreSQL is running.
   You can start it using: docker-compose up -d
   Will skip DB initialization for now.
Server is running on port 3001
[32m[nodemon] clean exit - waiting for changes before restart[39m
[32m[nodemon] restarting due to changes...[39m
[32m[nodemon] starting `ts-node src/index.ts`[39m
[32m[nodemon] restarting due to changes...[39m
[32m[nodemon] restarting due to changes...[39m
[32m[nodemon] starting `ts-node src/index.ts`[39m
[32m[nodemon] restarting due to changes...[39m
[32m[nodemon] restarting due to changes...[39m
[32m[nodemon] restarting due to changes...[39m
[32m[nodemon] restarting due to changes...[39m
[32m[nodemon] starting `ts-node src/index.ts`[39m
◇ injecting env (0) from .env // tip: ⌁ auth for agents [www.vestauth.com]
⚠️ Could not connect to PostgreSQL database. Please make sure PostgreSQL is running.
   You can start it using: docker-compose up -d
   Will skip DB initialization for now.
Server is running on port 3001
[32m[nodemon] clean exit - waiting for changes before restart[39m
[32m[nodemon] restarting due to changes...[39m
[32m[nodemon] starting `ts-node src/index.ts`[39m
[32m[nodemon] restarting due to changes...[39m
[32m[nodemon] starting `ts-node src/index.ts`[39m
◇ injecting env (0) from .env // tip: ⌘ override existing { override: true }
⚠️ Could not connect to PostgreSQL database. Please make sure PostgreSQL is running.
   You can start it using: docker-compose up -d
   Will skip DB initialization for now.
Server is running on port 3001
[32m[nodemon] clean exit - waiting for changes before restart[39m
[32m[nodemon] restarting due to changes...[39m
[32m[nodemon] starting `ts-node src/index.ts`[39m
[32m[nodemon] restarting due to changes...[39m
[32m[nodemon] starting `ts-node src/index.ts`[39m
◇ injecting env (0) from .env // tip: ◈ secrets for agents [www.dotenvx.com]
⚠️ Could not connect to PostgreSQL database. Please make sure PostgreSQL is running.
   You can start it using: docker-compose up -d
   Will skip DB initialization for now.
Server is running on port 3001
[32m[nodemon] clean exit - waiting for changes before restart[39m
[32m[nodemon] restarting due to changes...[39m
[32m[nodemon] starting `ts-node src/index.ts`[39m
◇ injecting env (0) from .env // tip: ◈ encrypted .env [www.dotenvx.com]
⚠️ Could not connect to PostgreSQL database. Please make sure PostgreSQL is running.
   You can start it using: docker-compose up -d
   Will skip DB initialization for now.
Server is running on port 3001
[32m[nodemon] clean exit - waiting for changes before restart[39m
[32m[nodemon] restarting due to changes...[39m
[32m[nodemon] starting `ts-node src/index.ts`[39m
◇ injecting env (0) from .env // tip: ⌘ custom filepath { path: '/custom/path/.env' }
⚠️ Could not connect to PostgreSQL database. Please make sure PostgreSQL is running.
   You can start it using: docker-compose up -d
   Will skip DB initialization for now.
Server is running on port 3001
[32m[nodemon] clean exit - waiting for changes before restart[39m
[32m[nodemon] restarting due to changes...[39m
[32m[nodemon] starting `ts-node src/index.ts`[39m
◇ injecting env (0) from .env // tip: ⌁ auth for agents [www.vestauth.com]
⚠️ Could not connect to PostgreSQL database. Please make sure PostgreSQL is running.
   You can start it using: docker-compose up -d
   Will skip DB initialization for now.
Server is running on port 3001
[32m[nodemon] clean exit - waiting for changes before restart[39m
[32m[nodemon] restarting due to changes...[39m
[32m[nodemon] starting `ts-node src/index.ts`[39m
[32m[nodemon] restarting due to changes...[39m
[32m[nodemon] restarting due to changes...[39m
[32m[nodemon] restarting due to changes...[39m
[32m[nodemon] restarting due to changes...[39m
[32m[nodemon] restarting due to changes...[39m
[32m[nodemon] starting `ts-node src/index.ts`[39m
/app/soul-app-backend/node_modules/ts-node/src/index.ts:859
    return new TSError(diagnosticText, diagnosticCodes, diagnostics);
           ^
TSError: ⨯ Unable to compile TypeScript:
src/routes/index.ts(26,61): error TS2304: Cannot find name 'from'.
src/routes/index.ts(26,1): error TS1005: 'from' expected.
src/routes/index.ts(26,61): error TS1434: Unexpected keyword or identifier.
src/routes/index.ts(43,5): error TS1005: ',' expected.

    at createTSError (/app/soul-app-backend/node_modules/ts-node/src/index.ts:859:12)
    at reportTSError (/app/soul-app-backend/node_modules/ts-node/src/index.ts:863:19)
    at getOutput (/app/soul-app-backend/node_modules/ts-node/src/index.ts:1077:36)
    at Object.compile (/app/soul-app-backend/node_modules/ts-node/src/index.ts:1433:41)
    at Module.m._compile (/app/soul-app-backend/node_modules/ts-node/src/index.ts:1617:30)
    at node:internal/modules/cjs/loader:1838:10
    at Object.require.extensions.<computed> [as .ts] (/app/soul-app-backend/node_modules/ts-node/src/index.ts:1621:12)
    at Module.load (node:internal/modules/cjs/loader:1441:32)
    at Function._load (node:internal/modules/cjs/loader:1263:12)
    at TracingChannel.traceSync (node:diagnostics_channel:328:14) {
  diagnosticCodes: [ 2304, 1005, 1434, 1005 ]
}
[31m[nodemon] app crashed - waiting for file changes before starting...[39m
[32m[nodemon] restarting due to changes...[39m
[32m[nodemon] starting `ts-node src/index.ts`[39m
/app/soul-app-backend/node_modules/ts-node/src/index.ts:859
    return new TSError(diagnosticText, diagnosticCodes, diagnostics);
           ^
TSError: ⨯ Unable to compile TypeScript:
src/routes/index.ts(26,61): error TS2304: Cannot find name 'from'.
src/routes/index.ts(26,1): error TS1005: 'from' expected.
src/routes/index.ts(26,61): error TS1434: Unexpected keyword or identifier.
src/routes/index.ts(43,5): error TS1005: ',' expected.

    at createTSError (/app/soul-app-backend/node_modules/ts-node/src/index.ts:859:12)
    at reportTSError (/app/soul-app-backend/node_modules/ts-node/src/index.ts:863:19)
    at getOutput (/app/soul-app-backend/node_modules/ts-node/src/index.ts:1077:36)
    at Object.compile (/app/soul-app-backend/node_modules/ts-node/src/index.ts:1433:41)
    at Module.m._compile (/app/soul-app-backend/node_modules/ts-node/src/index.ts:1617:30)
    at node:internal/modules/cjs/loader:1838:10
    at Object.require.extensions.<computed> [as .ts] (/app/soul-app-backend/node_modules/ts-node/src/index.ts:1621:12)
    at Module.load (node:internal/modules/cjs/loader:1441:32)
    at Function._load (node:internal/modules/cjs/loader:1263:12)
    at TracingChannel.traceSync (node:diagnostics_channel:328:14) {
  diagnosticCodes: [ 2304, 1005, 1434, 1005 ]
}
[31m[nodemon] app crashed - waiting for file changes before starting...[39m
[32m[nodemon] restarting due to changes...[39m
[32m[nodemon] starting `ts-node src/index.ts`[39m
/app/soul-app-backend/node_modules/ts-node/src/index.ts:859
    return new TSError(diagnosticText, diagnosticCodes, diagnostics);
           ^
TSError: ⨯ Unable to compile TypeScript:
src/routes/index.ts(26,61): error TS2304: Cannot find name 'from'.
src/routes/index.ts(26,1): error TS1005: 'from' expected.
src/routes/index.ts(26,61): error TS1434: Unexpected keyword or identifier.
src/routes/index.ts(43,5): error TS1005: ',' expected.

    at createTSError (/app/soul-app-backend/node_modules/ts-node/src/index.ts:859:12)
    at reportTSError (/app/soul-app-backend/node_modules/ts-node/src/index.ts:863:19)
    at getOutput (/app/soul-app-backend/node_modules/ts-node/src/index.ts:1077:36)
    at Object.compile (/app/soul-app-backend/node_modules/ts-node/src/index.ts:1433:41)
    at Module.m._compile (/app/soul-app-backend/node_modules/ts-node/src/index.ts:1617:30)
    at node:internal/modules/cjs/loader:1838:10
    at Object.require.extensions.<computed> [as .ts] (/app/soul-app-backend/node_modules/ts-node/src/index.ts:1621:12)
    at Module.load (node:internal/modules/cjs/loader:1441:32)
    at Function._load (node:internal/modules/cjs/loader:1263:12)
    at TracingChannel.traceSync (node:diagnostics_channel:328:14) {
  diagnosticCodes: [ 2304, 1005, 1434, 1005 ]
}
[31m[nodemon] app crashed - waiting for file changes before starting...[39m
[32m[nodemon] restarting due to changes...[39m
[32m[nodemon] starting `ts-node src/index.ts`[39m
/app/soul-app-backend/node_modules/ts-node/src/index.ts:859
    return new TSError(diagnosticText, diagnosticCodes, diagnostics);
           ^
TSError: ⨯ Unable to compile TypeScript:
src/routes/index.ts(26,61): error TS2304: Cannot find name 'from'.
src/routes/index.ts(26,1): error TS1005: 'from' expected.
src/routes/index.ts(26,61): error TS1434: Unexpected keyword or identifier.
src/routes/index.ts(43,5): error TS1005: ',' expected.

    at createTSError (/app/soul-app-backend/node_modules/ts-node/src/index.ts:859:12)
    at reportTSError (/app/soul-app-backend/node_modules/ts-node/src/index.ts:863:19)
    at getOutput (/app/soul-app-backend/node_modules/ts-node/src/index.ts:1077:36)
    at Object.compile (/app/soul-app-backend/node_modules/ts-node/src/index.ts:1433:41)
    at Module.m._compile (/app/soul-app-backend/node_modules/ts-node/src/index.ts:1617:30)
    at node:internal/modules/cjs/loader:1838:10
    at Object.require.extensions.<computed> [as .ts] (/app/soul-app-backend/node_modules/ts-node/src/index.ts:1621:12)
    at Module.load (node:internal/modules/cjs/loader:1441:32)
    at Function._load (node:internal/modules/cjs/loader:1263:12)
    at TracingChannel.traceSync (node:diagnostics_channel:328:14) {
  diagnosticCodes: [ 2304, 1005, 1434, 1005 ]
}
[31m[nodemon] app crashed - waiting for file changes before starting...[39m
[32m[nodemon] restarting due to changes...[39m
[32m[nodemon] starting `ts-node src/index.ts`[39m
/app/soul-app-backend/node_modules/ts-node/src/index.ts:859
    return new TSError(diagnosticText, diagnosticCodes, diagnostics);
           ^
TSError: ⨯ Unable to compile TypeScript:
src/routes/index.ts(26,61): error TS2304: Cannot find name 'from'.
src/routes/index.ts(26,1): error TS1005: 'from' expected.
src/routes/index.ts(26,61): error TS1434: Unexpected keyword or identifier.
src/routes/index.ts(43,5): error TS1005: ',' expected.

    at createTSError (/app/soul-app-backend/node_modules/ts-node/src/index.ts:859:12)
    at reportTSError (/app/soul-app-backend/node_modules/ts-node/src/index.ts:863:19)
    at getOutput (/app/soul-app-backend/node_modules/ts-node/src/index.ts:1077:36)
    at Object.compile (/app/soul-app-backend/node_modules/ts-node/src/index.ts:1433:41)
    at Module.m._compile (/app/soul-app-backend/node_modules/ts-node/src/index.ts:1617:30)
    at node:internal/modules/cjs/loader:1838:10
    at Object.require.extensions.<computed> [as .ts] (/app/soul-app-backend/node_modules/ts-node/src/index.ts:1621:12)
    at Module.load (node:internal/modules/cjs/loader:1441:32)
    at Function._load (node:internal/modules/cjs/loader:1263:12)
    at TracingChannel.traceSync (node:diagnostics_channel:328:14) {
  diagnosticCodes: [ 2304, 1005, 1434, 1005 ]
}
[31m[nodemon] app crashed - waiting for file changes before starting...[39m
[32m[nodemon] restarting due to changes...[39m
[32m[nodemon] starting `ts-node src/index.ts`[39m
/app/soul-app-backend/node_modules/ts-node/src/index.ts:859
    return new TSError(diagnosticText, diagnosticCodes, diagnostics);
           ^
TSError: ⨯ Unable to compile TypeScript:
src/routes/index.ts(26,61): error TS2304: Cannot find name 'from'.
src/routes/index.ts(26,1): error TS1005: 'from' expected.
src/routes/index.ts(26,61): error TS1434: Unexpected keyword or identifier.
src/routes/index.ts(43,5): error TS1005: ',' expected.

    at createTSError (/app/soul-app-backend/node_modules/ts-node/src/index.ts:859:12)
    at reportTSError (/app/soul-app-backend/node_modules/ts-node/src/index.ts:863:19)
    at getOutput (/app/soul-app-backend/node_modules/ts-node/src/index.ts:1077:36)
    at Object.compile (/app/soul-app-backend/node_modules/ts-node/src/index.ts:1433:41)
    at Module.m._compile (/app/soul-app-backend/node_modules/ts-node/src/index.ts:1617:30)
    at node:internal/modules/cjs/loader:1838:10
    at Object.require.extensions.<computed> [as .ts] (/app/soul-app-backend/node_modules/ts-node/src/index.ts:1621:12)
    at Module.load (node:internal/modules/cjs/loader:1441:32)
    at Function._load (node:internal/modules/cjs/loader:1263:12)
    at TracingChannel.traceSync (node:diagnostics_channel:328:14) {
  diagnosticCodes: [ 2304, 1005, 1434, 1005 ]
}
[31m[nodemon] app crashed - waiting for file changes before starting...[39m
[32m[nodemon] restarting due to changes...[39m
[32m[nodemon] starting `ts-node src/index.ts`[39m
/app/soul-app-backend/node_modules/ts-node/src/index.ts:859
    return new TSError(diagnosticText, diagnosticCodes, diagnostics);
           ^
TSError: ⨯ Unable to compile TypeScript:
src/routes/index.ts(26,1): error TS1005: 'from' expected.
src/routes/index.ts(43,5): error TS1005: ',' expected.

    at createTSError (/app/soul-app-backend/node_modules/ts-node/src/index.ts:859:12)
    at reportTSError (/app/soul-app-backend/node_modules/ts-node/src/index.ts:863:19)
    at getOutput (/app/soul-app-backend/node_modules/ts-node/src/index.ts:1077:36)
    at Object.compile (/app/soul-app-backend/node_modules/ts-node/src/index.ts:1433:41)
    at Module.m._compile (/app/soul-app-backend/node_modules/ts-node/src/index.ts:1617:30)
    at node:internal/modules/cjs/loader:1838:10
    at Object.require.extensions.<computed> [as .ts] (/app/soul-app-backend/node_modules/ts-node/src/index.ts:1621:12)
    at Module.load (node:internal/modules/cjs/loader:1441:32)
    at Function._load (node:internal/modules/cjs/loader:1263:12)
    at TracingChannel.traceSync (node:diagnostics_channel:328:14) {
  diagnosticCodes: [ 1005, 1005 ]
}
[31m[nodemon] app crashed - waiting for file changes before starting...[39m
[32m[nodemon] restarting due to changes...[39m
[32m[nodemon] starting `ts-node src/index.ts`[39m
[32m[nodemon] restarting due to changes...[39m
[32m[nodemon] restarting due to changes...[39m
[32m[nodemon] restarting due to changes...[39m
[32m[nodemon] restarting due to changes...[39m
[32m[nodemon] restarting due to changes...[39m
[32m[nodemon] restarting due to changes...[39m
[32m[nodemon] starting `ts-node src/index.ts`[39m
/app/soul-app-backend/node_modules/ts-node/src/index.ts:859
    return new TSError(diagnosticText, diagnosticCodes, diagnostics);
           ^
TSError: ⨯ Unable to compile TypeScript:
src/routes/index.ts(26,1): error TS1005: 'from' expected.
src/routes/index.ts(43,5): error TS1005: ',' expected.

    at createTSError (/app/soul-app-backend/node_modules/ts-node/src/index.ts:859:12)
    at reportTSError (/app/soul-app-backend/node_modules/ts-node/src/index.ts:863:19)
    at getOutput (/app/soul-app-backend/node_modules/ts-node/src/index.ts:1077:36)
    at Object.compile (/app/soul-app-backend/node_modules/ts-node/src/index.ts:1433:41)
    at Module.m._compile (/app/soul-app-backend/node_modules/ts-node/src/index.ts:1617:30)
    at node:internal/modules/cjs/loader:1838:10
    at Object.require.extensions.<computed> [as .ts] (/app/soul-app-backend/node_modules/ts-node/src/index.ts:1621:12)
    at Module.load (node:internal/modules/cjs/loader:1441:32)
    at Function._load (node:internal/modules/cjs/loader:1263:12)
    at TracingChannel.traceSync (node:diagnostics_channel:328:14) {
  diagnosticCodes: [ 1005, 1005 ]
}
[31m[nodemon] app crashed - waiting for file changes before starting...[39m
[32m[nodemon] restarting due to changes...[39m
[32m[nodemon] starting `ts-node src/index.ts`[39m
/app/soul-app-backend/node_modules/ts-node/src/index.ts:859
    return new TSError(diagnosticText, diagnosticCodes, diagnostics);
           ^
TSError: ⨯ Unable to compile TypeScript:
src/routes/index.ts(26,1): error TS1005: 'from' expected.
src/routes/index.ts(43,5): error TS1005: ',' expected.

    at createTSError (/app/soul-app-backend/node_modules/ts-node/src/index.ts:859:12)
    at reportTSError (/app/soul-app-backend/node_modules/ts-node/src/index.ts:863:19)
    at getOutput (/app/soul-app-backend/node_modules/ts-node/src/index.ts:1077:36)
    at Object.compile (/app/soul-app-backend/node_modules/ts-node/src/index.ts:1433:41)
    at Module.m._compile (/app/soul-app-backend/node_modules/ts-node/src/index.ts:1617:30)
    at node:internal/modules/cjs/loader:1838:10
    at Object.require.extensions.<computed> [as .ts] (/app/soul-app-backend/node_modules/ts-node/src/index.ts:1621:12)
    at Module.load (node:internal/modules/cjs/loader:1441:32)
    at Function._load (node:internal/modules/cjs/loader:1263:12)
    at TracingChannel.traceSync (node:diagnostics_channel:328:14) {
  diagnosticCodes: [ 1005, 1005 ]
}
[31m[nodemon] app crashed - waiting for file changes before starting...[39m
[32m[nodemon] restarting due to changes...[39m
[32m[nodemon] starting `ts-node src/index.ts`[39m
/app/soul-app-backend/node_modules/ts-node/src/index.ts:859
    return new TSError(diagnosticText, diagnosticCodes, diagnostics);
           ^
TSError: ⨯ Unable to compile TypeScript:
src/routes/index.ts(26,1): error TS1005: 'from' expected.
src/routes/index.ts(43,5): error TS1005: ',' expected.

    at createTSError (/app/soul-app-backend/node_modules/ts-node/src/index.ts:859:12)
    at reportTSError (/app/soul-app-backend/node_modules/ts-node/src/index.ts:863:19)
    at getOutput (/app/soul-app-backend/node_modules/ts-node/src/index.ts:1077:36)
    at Object.compile (/app/soul-app-backend/node_modules/ts-node/src/index.ts:1433:41)
    at Module.m._compile (/app/soul-app-backend/node_modules/ts-node/src/index.ts:1617:30)
    at node:internal/modules/cjs/loader:1838:10
    at Object.require.extensions.<computed> [as .ts] (/app/soul-app-backend/node_modules/ts-node/src/index.ts:1621:12)
    at Module.load (node:internal/modules/cjs/loader:1441:32)
    at Function._load (node:internal/modules/cjs/loader:1263:12)
    at TracingChannel.traceSync (node:diagnostics_channel:328:14) {
  diagnosticCodes: [ 1005, 1005 ]
}
[31m[nodemon] app crashed - waiting for file changes before starting...[39m
[32m[nodemon] restarting due to changes...[39m
[32m[nodemon] starting `ts-node src/index.ts`[39m
/app/soul-app-backend/node_modules/ts-node/src/index.ts:859
    return new TSError(diagnosticText, diagnosticCodes, diagnostics);
           ^
TSError: ⨯ Unable to compile TypeScript:
src/routes/index.ts(43,5): error TS1005: ',' expected.

    at createTSError (/app/soul-app-backend/node_modules/ts-node/src/index.ts:859:12)
    at reportTSError (/app/soul-app-backend/node_modules/ts-node/src/index.ts:863:19)
    at getOutput (/app/soul-app-backend/node_modules/ts-node/src/index.ts:1077:36)
    at Object.compile (/app/soul-app-backend/node_modules/ts-node/src/index.ts:1433:41)
    at Module.m._compile (/app/soul-app-backend/node_modules/ts-node/src/index.ts:1617:30)
    at node:internal/modules/cjs/loader:1838:10
    at Object.require.extensions.<computed> [as .ts] (/app/soul-app-backend/node_modules/ts-node/src/index.ts:1621:12)
    at Module.load (node:internal/modules/cjs/loader:1441:32)
    at Function._load (node:internal/modules/cjs/loader:1263:12)
    at TracingChannel.traceSync (node:diagnostics_channel:328:14) {
  diagnosticCodes: [ 1005 ]
}
[31m[nodemon] app crashed - waiting for file changes before starting...[39m
[32m[nodemon] restarting due to changes...[39m
[32m[nodemon] starting `ts-node src/index.ts`[39m
/app/soul-app-backend/node_modules/ts-node/src/index.ts:859
    return new TSError(diagnosticText, diagnosticCodes, diagnostics);
           ^
TSError: ⨯ Unable to compile TypeScript:
src/routes/index.ts(43,5): error TS1005: ',' expected.

    at createTSError (/app/soul-app-backend/node_modules/ts-node/src/index.ts:859:12)
    at reportTSError (/app/soul-app-backend/node_modules/ts-node/src/index.ts:863:19)
    at getOutput (/app/soul-app-backend/node_modules/ts-node/src/index.ts:1077:36)
    at Object.compile (/app/soul-app-backend/node_modules/ts-node/src/index.ts:1433:41)
    at Module.m._compile (/app/soul-app-backend/node_modules/ts-node/src/index.ts:1617:30)
    at node:internal/modules/cjs/loader:1838:10
    at Object.require.extensions.<computed> [as .ts] (/app/soul-app-backend/node_modules/ts-node/src/index.ts:1621:12)
    at Module.load (node:internal/modules/cjs/loader:1441:32)
    at Function._load (node:internal/modules/cjs/loader:1263:12)
    at TracingChannel.traceSync (node:diagnostics_channel:328:14) {
  diagnosticCodes: [ 1005 ]
}
[31m[nodemon] app crashed - waiting for file changes before starting...[39m
[32m[nodemon] restarting due to changes...[39m
[32m[nodemon] starting `ts-node src/index.ts`[39m
[32m[nodemon] restarting due to changes...[39m
[32m[nodemon] starting `ts-node src/index.ts`[39m
/app/soul-app-backend/node_modules/ts-node/src/index.ts:859
    return new TSError(diagnosticText, diagnosticCodes, diagnostics);
           ^
TSError: ⨯ Unable to compile TypeScript:
src/routes/index.ts(43,5): error TS1005: ',' expected.

    at createTSError (/app/soul-app-backend/node_modules/ts-node/src/index.ts:859:12)
    at reportTSError (/app/soul-app-backend/node_modules/ts-node/src/index.ts:863:19)
    at getOutput (/app/soul-app-backend/node_modules/ts-node/src/index.ts:1077:36)
    at Object.compile (/app/soul-app-backend/node_modules/ts-node/src/index.ts:1433:41)
    at Module.m._compile (/app/soul-app-backend/node_modules/ts-node/src/index.ts:1617:30)
    at node:internal/modules/cjs/loader:1838:10
    at Object.require.extensions.<computed> [as .ts] (/app/soul-app-backend/node_modules/ts-node/src/index.ts:1621:12)
    at Module.load (node:internal/modules/cjs/loader:1441:32)
    at Function._load (node:internal/modules/cjs/loader:1263:12)
    at TracingChannel.traceSync (node:diagnostics_channel:328:14) {
  diagnosticCodes: [ 1005 ]
}
[31m[nodemon] app crashed - waiting for file changes before starting...[39m
[32m[nodemon] restarting due to changes...[39m
[32m[nodemon] starting `ts-node src/index.ts`[39m
[32m[nodemon] restarting due to changes...[39m
[32m[nodemon] starting `ts-node src/index.ts`[39m
◇ injecting env (0) from .env // tip: ⌘ suppress logs { quiet: true }
⚠️ Could not connect to PostgreSQL database. Please make sure PostgreSQL is running.
   You can start it using: docker-compose up -d
   Will skip DB initialization for now.
Server is running on port 3001
[32m[nodemon] clean exit - waiting for changes before restart[39m
