
> soul-app-web@0.0.0 dev
> vite


  VITE v8.0.3  ready in 704 ms

  ➜  Local:   http://localhost:5173/
  ➜  Network: use --host to expose
2:23:15 PM [vite] (client) hmr update /src/components/BottomNavBar.tsx, /src/index.css
2:23:34 PM [vite] (client) hmr update /src/components/BottomNavBar.tsx, /src/index.css
2:23:55 PM [vite] (client) hmr update /src/components/BottomNavBar.tsx, /src/index.css
2:24:37 PM [vite] (client) hmr update /src/components/BottomNavBar.tsx, /src/index.css
2:25:39 PM [vite] (client) hmr update /src/components/BottomNavBar.tsx, /src/index.css
2:31:20 PM [vite] (client) hmr update /src/pages/ExplorePage.tsx, /src/index.css
2:31:41 PM [vite] (client) hmr update /src/pages/ChatPage.tsx, /src/index.css
2:32:05 PM [vite] (client) hmr update /src/pages/ChatPage.tsx, /src/index.css
2:32:28 PM [vite] (client) hmr update /src/pages/ChatPage.tsx, /src/index.css
2:32:55 PM [vite] (client) hmr update /src/pages/ChatPage.tsx, /src/index.css
2:33:14 PM [vite] (client) hmr update /src/pages/ChatPage.tsx, /src/index.css
2:33:39 PM [vite] (client) hmr update /src/pages/ChatPage.tsx, /src/index.css
2:34:01 PM [vite] (client) hmr update /src/pages/MePage.tsx, /src/index.css
2:34:28 PM [vite] (client) hmr update /src/pages/ChatPage.tsx, /src/index.css
2:35:32 PM [vite] (client) hmr update /src/pages/ChatPage.tsx, /src/index.css
